Starting LFM2.5 230M via mlx_lm on port 2045...
/Users/francip/src/models.server/.venv-mlx/lib/python3.12/site-packages/mlx_lm/server.py:1723: UserWarning: mlx_lm.server is not recommended for production as it only implements basic security checks.
  warnings.warn(
2026-09-04 21:58:47,943 - INFO - Starting httpd at 127.0.0.1 on port 2045...
2026-09-04 21:58:48,102 - INFO - HTTP Request: GET https://huggingface.co/api/models/LiquidAI/LFM2.5-230M-MLX-8bit/revision/main "HTTP/1.1 200 OK"
Fetching 7 files:   0%|          | 0/7 [00:00<?, ?it/s]Fetching 7 files: 100%|██████████| 7/7 [00:00<00:00, 3619.35it/s]
2026-09-04 21:59:10,977 - INFO - Prompt Cache: 0 sequences, 0.00 GB
2026-09-04 21:59:10,977 - INFO - - assistant: 0 sequences, 0.00 GB
2026-09-04 21:59:10,977 - INFO - - user: 0 sequences, 0.00 GB
2026-09-04 21:59:10,977 - INFO - - system: 0 sequences, 0.00 GB
127.0.0.1 - - [04/Sep/2026 21:59:10] "POST /v1/chat/completions HTTP/1.1" 200 -
2026-09-04 21:59:11,009 - INFO - Prompt processing progress: 38/53
2026-09-04 21:59:11,025 - INFO - Prompt processing progress: 52/53
2026-09-04 21:59:11,031 - INFO - Prompt processing progress: 53/53
2026-09-04 21:59:11,063 - INFO - Prompt Cache: 3 sequences, 0.00 GB
2026-09-04 21:59:11,063 - INFO - - assistant: 1 sequences, 0.00 GB
2026-09-04 21:59:11,063 - INFO - - user: 1 sequences, 0.00 GB
2026-09-04 21:59:11,063 - INFO - - system: 1 sequences, 0.00 GB
127.0.0.1 - - [04/Sep/2026 21:59:11] "POST /v1/chat/completions HTTP/1.1" 200 -
2026-09-04 21:59:11,080 - INFO - Prompt processing progress: 14/15
2026-09-04 21:59:11,084 - INFO - Prompt processing progress: 15/15
2026-09-04 21:59:11,099 - INFO - Prompt Cache: 5 sequences, 0.00 GB
2026-09-04 21:59:11,099 - INFO - - assistant: 2 sequences, 0.00 GB
2026-09-04 21:59:11,099 - INFO - - user: 2 sequences, 0.00 GB
2026-09-04 21:59:11,099 - INFO - - system: 1 sequences, 0.00 GB
127.0.0.1 - - [04/Sep/2026 21:59:11] "POST /v1/chat/completions HTTP/1.1" 200 -
2026-09-04 21:59:11,104 - INFO - Prompt processing progress: 14/15
2026-09-04 21:59:11,108 - INFO - Prompt processing progress: 15/15
2026-09-04 21:59:11,116 - INFO - Prompt Cache: 7 sequences, 0.00 GB
2026-09-04 21:59:11,116 - INFO - - assistant: 3 sequences, 0.00 GB
2026-09-04 21:59:11,116 - INFO - - user: 3 sequences, 0.00 GB
2026-09-04 21:59:11,116 - INFO - - system: 1 sequences, 0.00 GB
127.0.0.1 - - [04/Sep/2026 21:59:11] "POST /v1/chat/completions HTTP/1.1" 200 -
2026-09-04 21:59:11,121 - INFO - Prompt processing progress: 14/15
2026-09-04 21:59:11,125 - INFO - Prompt processing progress: 15/15
2026-09-04 21:59:11,131 - INFO - Prompt Cache: 9 sequences, 0.01 GB
2026-09-04 21:59:11,131 - INFO - - assistant: 4 sequences, 0.00 GB
2026-09-04 21:59:11,132 - INFO - - user: 4 sequences, 0.00 GB
2026-09-04 21:59:11,132 - INFO - - system: 1 sequences, 0.00 GB
127.0.0.1 - - [04/Sep/2026 21:59:11] "POST /v1/chat/completions HTTP/1.1" 200 -
2026-09-04 21:59:11,137 - INFO - Prompt processing progress: 14/15
2026-09-04 21:59:11,140 - INFO - Prompt processing progress: 15/15
2026-09-04 21:59:11,149 - INFO - Prompt Cache: 10 sequences, 0.01 GB
2026-09-04 21:59:11,149 - INFO - - assistant: 4 sequences, 0.00 GB
2026-09-04 21:59:11,149 - INFO - - user: 5 sequences, 0.00 GB
2026-09-04 21:59:11,149 - INFO - - system: 1 sequences, 0.00 GB
127.0.0.1 - - [04/Sep/2026 21:59:11] "POST /v1/chat/completions HTTP/1.1" 200 -
2026-09-04 21:59:11,153 - INFO - Prompt processing progress: 1/1
2026-09-04 21:59:11,163 - INFO - Prompt Cache: 10 sequences, 0.01 GB
2026-09-04 21:59:11,163 - INFO - - assistant: 4 sequences, 0.00 GB
2026-09-04 21:59:11,163 - INFO - - user: 5 sequences, 0.00 GB
2026-09-04 21:59:11,163 - INFO - - system: 1 sequences, 0.00 GB
127.0.0.1 - - [04/Sep/2026 21:59:11] "POST /v1/chat/completions HTTP/1.1" 200 -
2026-09-04 21:59:11,166 - INFO - Prompt processing progress: 1/1
2026-09-04 21:59:11,191 - INFO - Prompt Cache: 10 sequences, 0.01 GB
2026-09-04 21:59:11,191 - INFO - - assistant: 4 sequences, 0.00 GB
2026-09-04 21:59:11,191 - INFO - - user: 5 sequences, 0.00 GB
2026-09-04 21:59:11,191 - INFO - - system: 1 sequences, 0.00 GB
127.0.0.1 - - [04/Sep/2026 21:59:11] "POST /v1/chat/completions HTTP/1.1" 200 -
2026-09-04 21:59:11,194 - INFO - Prompt processing progress: 1/1
2026-09-04 21:59:11,221 - INFO - Prompt Cache: 10 sequences, 0.01 GB
2026-09-04 21:59:11,221 - INFO - - assistant: 4 sequences, 0.00 GB
2026-09-04 21:59:11,221 - INFO - - user: 5 sequences, 0.00 GB
2026-09-04 21:59:11,221 - INFO - - system: 1 sequences, 0.00 GB
127.0.0.1 - - [04/Sep/2026 21:59:11] "POST /v1/chat/completions HTTP/1.1" 200 -
2026-09-04 21:59:11,225 - INFO - Prompt processing progress: 1/1
2026-09-04 21:59:11,245 - INFO - Prompt Cache: 10 sequences, 0.01 GB
2026-09-04 21:59:11,245 - INFO - - assistant: 4 sequences, 0.00 GB
2026-09-04 21:59:11,245 - INFO - - user: 5 sequences, 0.00 GB
2026-09-04 21:59:11,245 - INFO - - system: 1 sequences, 0.00 GB
127.0.0.1 - - [04/Sep/2026 21:59:11] "POST /v1/chat/completions HTTP/1.1" 200 -
2026-09-04 21:59:11,249 - INFO - Prompt processing progress: 1/1
2026-09-04 21:59:11,271 - INFO - Prompt Cache: 10 sequences, 0.01 GB
2026-09-04 21:59:11,272 - INFO - - assistant: 4 sequences, 0.00 GB
2026-09-04 21:59:11,272 - INFO - - user: 5 sequences, 0.00 GB
2026-09-04 21:59:11,272 - INFO - - system: 1 sequences, 0.00 GB
127.0.0.1 - - [04/Sep/2026 21:59:11] "POST /v1/chat/completions HTTP/1.1" 200 -
2026-09-04 21:59:11,274 - INFO - Prompt processing progress: 1/1
2026-09-04 21:59:11,300 - INFO - Prompt Cache: 10 sequences, 0.01 GB
2026-09-04 21:59:11,300 - INFO - - assistant: 4 sequences, 0.00 GB
2026-09-04 21:59:11,300 - INFO - - user: 5 sequences, 0.00 GB
2026-09-04 21:59:11,300 - INFO - - system: 1 sequences, 0.00 GB
127.0.0.1 - - [04/Sep/2026 21:59:11] "POST /v1/chat/completions HTTP/1.1" 200 -
2026-09-04 21:59:11,304 - INFO - Prompt processing progress: 1/1
2026-09-04 21:59:11,328 - INFO - Prompt Cache: 10 sequences, 0.01 GB
2026-09-04 21:59:11,328 - INFO - - assistant: 4 sequences, 0.00 GB
2026-09-04 21:59:11,328 - INFO - - user: 5 sequences, 0.00 GB
2026-09-04 21:59:11,328 - INFO - - system: 1 sequences, 0.00 GB
127.0.0.1 - - [04/Sep/2026 21:59:11] "POST /v1/chat/completions HTTP/1.1" 200 -
2026-09-04 21:59:11,332 - INFO - Prompt processing progress: 1/1
2026-09-04 21:59:11,356 - INFO - Prompt Cache: 10 sequences, 0.01 GB
2026-09-04 21:59:11,356 - INFO - - assistant: 4 sequences, 0.00 GB
2026-09-04 21:59:11,356 - INFO - - user: 5 sequences, 0.00 GB
2026-09-04 21:59:11,356 - INFO - - system: 1 sequences, 0.00 GB
127.0.0.1 - - [04/Sep/2026 21:59:11] "POST /v1/chat/completions HTTP/1.1" 200 -
2026-09-04 21:59:11,360 - INFO - Prompt processing progress: 1/1
2026-09-04 21:59:11,378 - INFO - Prompt Cache: 10 sequences, 0.01 GB
2026-09-04 21:59:11,379 - INFO - - assistant: 4 sequences, 0.00 GB
2026-09-04 21:59:11,379 - INFO - - user: 5 sequences, 0.00 GB
2026-09-04 21:59:11,379 - INFO - - system: 1 sequences, 0.00 GB
127.0.0.1 - - [04/Sep/2026 21:59:11] "POST /v1/chat/completions HTTP/1.1" 200 -
2026-09-04 21:59:11,382 - INFO - Prompt processing progress: 1/1
2026-09-04 21:59:11,408 - INFO - Prompt Cache: 10 sequences, 0.01 GB
2026-09-04 21:59:11,408 - INFO - - assistant: 4 sequences, 0.00 GB
2026-09-04 21:59:11,408 - INFO - - user: 5 sequences, 0.00 GB
2026-09-04 21:59:11,408 - INFO - - system: 1 sequences, 0.00 GB
127.0.0.1 - - [04/Sep/2026 21:59:11] "POST /v1/chat/completions HTTP/1.1" 200 -
2026-09-04 21:59:11,412 - INFO - Prompt processing progress: 1/1
2026-09-04 21:59:11,434 - INFO - Prompt Cache: 10 sequences, 0.01 GB
2026-09-04 21:59:11,434 - INFO - - assistant: 4 sequences, 0.00 GB
2026-09-04 21:59:11,434 - INFO - - user: 5 sequences, 0.00 GB
2026-09-04 21:59:11,434 - INFO - - system: 1 sequences, 0.00 GB
127.0.0.1 - - [04/Sep/2026 21:59:11] "POST /v1/chat/completions HTTP/1.1" 200 -
2026-09-04 21:59:11,437 - INFO - Prompt processing progress: 1/1
2026-09-04 21:59:11,462 - INFO - Prompt Cache: 10 sequences, 0.01 GB
2026-09-04 21:59:11,463 - INFO - - assistant: 4 sequences, 0.00 GB
2026-09-04 21:59:11,463 - INFO - - user: 5 sequences, 0.00 GB
2026-09-04 21:59:11,463 - INFO - - system: 1 sequences, 0.00 GB
127.0.0.1 - - [04/Sep/2026 21:59:11] "POST /v1/chat/completions HTTP/1.1" 200 -
2026-09-04 21:59:11,466 - INFO - Prompt processing progress: 1/1
2026-09-04 21:59:11,488 - INFO - Prompt Cache: 10 sequences, 0.01 GB
2026-09-04 21:59:11,488 - INFO - - assistant: 4 sequences, 0.00 GB
2026-09-04 21:59:11,489 - INFO - - user: 5 sequences, 0.00 GB
2026-09-04 21:59:11,489 - INFO - - system: 1 sequences, 0.00 GB
127.0.0.1 - - [04/Sep/2026 21:59:11] "POST /v1/chat/completions HTTP/1.1" 200 -
2026-09-04 21:59:11,491 - INFO - Prompt processing progress: 1/1
2026-09-04 21:59:11,510 - INFO - Prompt Cache: 10 sequences, 0.01 GB
2026-09-04 21:59:11,510 - INFO - - assistant: 4 sequences, 0.00 GB
2026-09-04 21:59:11,510 - INFO - - user: 5 sequences, 0.00 GB
2026-09-04 21:59:11,510 - INFO - - system: 1 sequences, 0.00 GB
127.0.0.1 - - [04/Sep/2026 21:59:11] "POST /v1/chat/completions HTTP/1.1" 200 -
2026-09-04 21:59:11,513 - INFO - Prompt processing progress: 1/1
2026-09-04 21:59:11,535 - INFO - Prompt Cache: 10 sequences, 0.01 GB
2026-09-04 21:59:11,535 - INFO - - assistant: 4 sequences, 0.00 GB
2026-09-04 21:59:11,535 - INFO - - user: 5 sequences, 0.00 GB
2026-09-04 21:59:11,535 - INFO - - system: 1 sequences, 0.00 GB
127.0.0.1 - - [04/Sep/2026 21:59:11] "POST /v1/chat/completions HTTP/1.1" 200 -
2026-09-04 21:59:11,538 - INFO - Prompt processing progress: 1/1
2026-09-04 21:59:11,564 - INFO - Prompt Cache: 10 sequences, 0.01 GB
2026-09-04 21:59:11,564 - INFO - - assistant: 4 sequences, 0.00 GB
2026-09-04 21:59:11,564 - INFO - - user: 5 sequences, 0.00 GB
2026-09-04 21:59:11,564 - INFO - - system: 1 sequences, 0.00 GB
127.0.0.1 - - [04/Sep/2026 21:59:11] "POST /v1/chat/completions HTTP/1.1" 200 -
2026-09-04 21:59:11,567 - INFO - Prompt processing progress: 1/1
2026-09-04 21:59:11,598 - INFO - Prompt Cache: 10 sequences, 0.01 GB
2026-09-04 21:59:11,598 - INFO - - assistant: 4 sequences, 0.00 GB
2026-09-04 21:59:11,598 - INFO - - user: 5 sequences, 0.00 GB
2026-09-04 21:59:11,598 - INFO - - system: 1 sequences, 0.00 GB
127.0.0.1 - - [04/Sep/2026 21:59:11] "POST /v1/chat/completions HTTP/1.1" 200 -
2026-09-04 21:59:11,601 - INFO - Prompt processing progress: 1/1
2026-09-04 21:59:11,632 - INFO - Prompt Cache: 10 sequences, 0.01 GB
2026-09-04 21:59:11,632 - INFO - - assistant: 4 sequences, 0.00 GB
2026-09-04 21:59:11,632 - INFO - - user: 5 sequences, 0.00 GB
2026-09-04 21:59:11,632 - INFO - - system: 1 sequences, 0.00 GB
127.0.0.1 - - [04/Sep/2026 21:59:11] "POST /v1/chat/completions HTTP/1.1" 200 -
2026-09-04 21:59:11,635 - INFO - Prompt processing progress: 1/1
2026-09-04 21:59:11,657 - INFO - Prompt Cache: 10 sequences, 0.01 GB
2026-09-04 21:59:11,657 - INFO - - assistant: 4 sequences, 0.00 GB
2026-09-04 21:59:11,657 - INFO - - user: 5 sequences, 0.00 GB
2026-09-04 21:59:11,657 - INFO - - system: 1 sequences, 0.00 GB
127.0.0.1 - - [04/Sep/2026 21:59:11] "POST /v1/chat/completions HTTP/1.1" 200 -
2026-09-04 21:59:11,660 - INFO - Prompt processing progress: 1/1
2026-09-04 21:59:11,678 - INFO - Prompt Cache: 10 sequences, 0.01 GB
2026-09-04 21:59:11,678 - INFO - - assistant: 4 sequences, 0.00 GB
2026-09-04 21:59:11,678 - INFO - - user: 5 sequences, 0.00 GB
2026-09-04 21:59:11,678 - INFO - - system: 1 sequences, 0.00 GB
127.0.0.1 - - [04/Sep/2026 21:59:11] "POST /v1/chat/completions HTTP/1.1" 200 -
2026-09-04 21:59:11,678 - INFO - Prompt Cache: 10 sequences, 0.01 GB
2026-09-04 21:59:11,679 - INFO - - assistant: 4 sequences, 0.00 GB
2026-09-04 21:59:11,679 - INFO - - user: 5 sequences, 0.00 GB
2026-09-04 21:59:11,679 - INFO - - system: 1 sequences, 0.00 GB
127.0.0.1 - - [04/Sep/2026 21:59:11] "POST /v1/chat/completions HTTP/1.1" 200 -
2026-09-04 21:59:11,679 - INFO - Prompt Cache: 10 sequences, 0.01 GB
2026-09-04 21:59:11,679 - INFO - - assistant: 4 sequences, 0.00 GB
2026-09-04 21:59:11,679 - INFO - - user: 5 sequences, 0.00 GB
2026-09-04 21:59:11,679 - INFO - - system: 1 sequences, 0.00 GB
127.0.0.1 - - [04/Sep/2026 21:59:11] "POST /v1/chat/completions HTTP/1.1" 200 -
2026-09-04 21:59:11,679 - INFO - Prompt Cache: 10 sequences, 0.01 GB
2026-09-04 21:59:11,679 - INFO - - assistant: 4 sequences, 0.00 GB
2026-09-04 21:59:11,679 - INFO - - user: 5 sequences, 0.00 GB
2026-09-04 21:59:11,679 - INFO - - system: 1 sequences, 0.00 GB
127.0.0.1 - - [04/Sep/2026 21:59:11] "POST /v1/chat/completions HTTP/1.1" 200 -
2026-09-04 21:59:11,684 - INFO - Prompt processing progress: 1/1
2026-09-04 21:59:11,684 - INFO - Prompt processing progress: 1/1
2026-09-04 21:59:11,685 - INFO - Prompt processing progress: 1/1
2026-09-04 21:59:11,685 - INFO - Prompt processing progress: 1/1
2026-09-04 21:59:11,698 - INFO - Prompt Cache: 10 sequences, 0.01 GB
2026-09-04 21:59:11,698 - INFO - - assistant: 4 sequences, 0.00 GB
2026-09-04 21:59:11,698 - INFO - - user: 5 sequences, 0.00 GB
2026-09-04 21:59:11,698 - INFO - - system: 1 sequences, 0.00 GB
127.0.0.1 - - [04/Sep/2026 21:59:11] "POST /v1/chat/completions HTTP/1.1" 200 -
2026-09-04 21:59:11,701 - INFO - Prompt processing progress: 1/1
2026-09-04 21:59:11,709 - INFO - Prompt Cache: 10 sequences, 0.01 GB
2026-09-04 21:59:11,709 - INFO - - assistant: 4 sequences, 0.00 GB
2026-09-04 21:59:11,709 - INFO - - user: 5 sequences, 0.00 GB
2026-09-04 21:59:11,709 - INFO - - system: 1 sequences, 0.00 GB
127.0.0.1 - - [04/Sep/2026 21:59:11] "POST /v1/chat/completions HTTP/1.1" 200 -
2026-09-04 21:59:11,710 - INFO - Prompt Cache: 10 sequences, 0.01 GB
2026-09-04 21:59:11,710 - INFO - - assistant: 4 sequences, 0.00 GB
2026-09-04 21:59:11,710 - INFO - - user: 5 sequences, 0.00 GB
2026-09-04 21:59:11,710 - INFO - - system: 1 sequences, 0.00 GB
127.0.0.1 - - [04/Sep/2026 21:59:11] "POST /v1/chat/completions HTTP/1.1" 200 -
2026-09-04 21:59:11,710 - INFO - Prompt Cache: 10 sequences, 0.01 GB
2026-09-04 21:59:11,710 - INFO - - assistant: 4 sequences, 0.00 GB
2026-09-04 21:59:11,710 - INFO - - user: 5 sequences, 0.00 GB
2026-09-04 21:59:11,711 - INFO - - system: 1 sequences, 0.00 GB
127.0.0.1 - - [04/Sep/2026 21:59:11] "POST /v1/chat/completions HTTP/1.1" 200 -
2026-09-04 21:59:11,711 - INFO - Prompt Cache: 10 sequences, 0.01 GB
2026-09-04 21:59:11,711 - INFO - - assistant: 4 sequences, 0.00 GB
2026-09-04 21:59:11,711 - INFO - - user: 5 sequences, 0.00 GB
2026-09-04 21:59:11,711 - INFO - - system: 1 sequences, 0.00 GB
127.0.0.1 - - [04/Sep/2026 21:59:11] "POST /v1/chat/completions HTTP/1.1" 200 -
2026-09-04 21:59:11,714 - INFO - Prompt processing progress: 1/1
2026-09-04 21:59:11,714 - INFO - Prompt processing progress: 1/1
2026-09-04 21:59:11,714 - INFO - Prompt processing progress: 1/1
2026-09-04 21:59:11,714 - INFO - Prompt processing progress: 1/1
2026-09-04 21:59:11,728 - INFO - Prompt Cache: 10 sequences, 0.01 GB
2026-09-04 21:59:11,728 - INFO - - assistant: 4 sequences, 0.00 GB
2026-09-04 21:59:11,728 - INFO - - user: 5 sequences, 0.00 GB
2026-09-04 21:59:11,728 - INFO - - system: 1 sequences, 0.00 GB
127.0.0.1 - - [04/Sep/2026 21:59:11] "POST /v1/chat/completions HTTP/1.1" 200 -
2026-09-04 21:59:11,731 - INFO - Prompt processing progress: 1/1
2026-09-04 21:59:11,739 - INFO - Prompt Cache: 10 sequences, 0.01 GB
2026-09-04 21:59:11,739 - INFO - - assistant: 4 sequences, 0.00 GB
2026-09-04 21:59:11,739 - INFO - - user: 5 sequences, 0.00 GB
2026-09-04 21:59:11,739 - INFO - - system: 1 sequences, 0.00 GB
127.0.0.1 - - [04/Sep/2026 21:59:11] "POST /v1/chat/completions HTTP/1.1" 200 -
2026-09-04 21:59:11,740 - INFO - Prompt Cache: 10 sequences, 0.01 GB
2026-09-04 21:59:11,740 - INFO - - assistant: 4 sequences, 0.00 GB
2026-09-04 21:59:11,740 - INFO - - user: 5 sequences, 0.00 GB
2026-09-04 21:59:11,740 - INFO - - system: 1 sequences, 0.00 GB
127.0.0.1 - - [04/Sep/2026 21:59:11] "POST /v1/chat/completions HTTP/1.1" 200 -
2026-09-04 21:59:11,740 - INFO - Prompt Cache: 10 sequences, 0.01 GB
2026-09-04 21:59:11,740 - INFO - - assistant: 4 sequences, 0.00 GB
2026-09-04 21:59:11,740 - INFO - - user: 5 sequences, 0.00 GB
2026-09-04 21:59:11,740 - INFO - - system: 1 sequences, 0.00 GB
127.0.0.1 - - [04/Sep/2026 21:59:11] "POST /v1/chat/completions HTTP/1.1" 200 -
2026-09-04 21:59:11,741 - INFO - Prompt Cache: 10 sequences, 0.01 GB
2026-09-04 21:59:11,741 - INFO - - assistant: 4 sequences, 0.00 GB
2026-09-04 21:59:11,741 - INFO - - user: 5 sequences, 0.00 GB
2026-09-04 21:59:11,741 - INFO - - system: 1 sequences, 0.00 GB
127.0.0.1 - - [04/Sep/2026 21:59:11] "POST /v1/chat/completions HTTP/1.1" 200 -
2026-09-04 21:59:11,745 - INFO - Prompt processing progress: 1/1
2026-09-04 21:59:11,745 - INFO - Prompt processing progress: 1/1
2026-09-04 21:59:11,745 - INFO - Prompt processing progress: 1/1
2026-09-04 21:59:11,745 - INFO - Prompt processing progress: 1/1
2026-09-04 21:59:11,785 - INFO - Prompt Cache: 10 sequences, 0.01 GB
2026-09-04 21:59:11,785 - INFO - - assistant: 4 sequences, 0.00 GB
2026-09-04 21:59:11,786 - INFO - - user: 5 sequences, 0.00 GB
2026-09-04 21:59:11,787 - INFO - - system: 1 sequences, 0.00 GB
127.0.0.1 - - [04/Sep/2026 21:59:11] "POST /v1/chat/completions HTTP/1.1" 200 -
2026-09-04 21:59:11,788 - INFO - Prompt Cache: 10 sequences, 0.01 GB
2026-09-04 21:59:11,788 - INFO - - assistant: 4 sequences, 0.00 GB
2026-09-04 21:59:11,788 - INFO - - user: 5 sequences, 0.00 GB
2026-09-04 21:59:11,788 - INFO - - system: 1 sequences, 0.00 GB
127.0.0.1 - - [04/Sep/2026 21:59:11] "POST /v1/chat/completions HTTP/1.1" 200 -
2026-09-04 21:59:11,788 - INFO - Prompt Cache: 10 sequences, 0.01 GB
2026-09-04 21:59:11,788 - INFO - - assistant: 4 sequences, 0.00 GB
2026-09-04 21:59:11,788 - INFO - - user: 5 sequences, 0.00 GB
2026-09-04 21:59:11,788 - INFO - - system: 1 sequences, 0.00 GB
127.0.0.1 - - [04/Sep/2026 21:59:11] "POST /v1/chat/completions HTTP/1.1" 200 -
2026-09-04 21:59:11,789 - INFO - Prompt Cache: 10 sequences, 0.01 GB
2026-09-04 21:59:11,789 - INFO - - assistant: 4 sequences, 0.00 GB
2026-09-04 21:59:11,789 - INFO - - user: 5 sequences, 0.00 GB
2026-09-04 21:59:11,789 - INFO - - system: 1 sequences, 0.00 GB
127.0.0.1 - - [04/Sep/2026 21:59:11] "POST /v1/chat/completions HTTP/1.1" 200 -
2026-09-04 21:59:11,793 - INFO - Prompt processing progress: 1/1
2026-09-04 21:59:11,793 - INFO - Prompt processing progress: 1/1
2026-09-04 21:59:11,793 - INFO - Prompt processing progress: 1/1
2026-09-04 21:59:11,793 - INFO - Prompt processing progress: 1/1
2026-09-04 21:59:11,832 - INFO - Prompt Cache: 10 sequences, 0.01 GB
2026-09-04 21:59:11,832 - INFO - - assistant: 4 sequences, 0.00 GB
2026-09-04 21:59:11,832 - INFO - - user: 5 sequences, 0.00 GB
2026-09-04 21:59:11,832 - INFO - - system: 1 sequences, 0.00 GB
127.0.0.1 - - [04/Sep/2026 21:59:11] "POST /v1/chat/completions HTTP/1.1" 200 -
2026-09-04 21:59:11,832 - INFO - Prompt Cache: 10 sequences, 0.01 GB
2026-09-04 21:59:11,832 - INFO - - assistant: 4 sequences, 0.00 GB
2026-09-04 21:59:11,832 - INFO - - user: 5 sequences, 0.00 GB
2026-09-04 21:59:11,832 - INFO - - system: 1 sequences, 0.00 GB
127.0.0.1 - - [04/Sep/2026 21:59:11] "POST /v1/chat/completions HTTP/1.1" 200 -
2026-09-04 21:59:11,833 - INFO - Prompt Cache: 10 sequences, 0.01 GB
2026-09-04 21:59:11,833 - INFO - - assistant: 4 sequences, 0.00 GB
2026-09-04 21:59:11,833 - INFO - - user: 5 sequences, 0.00 GB
2026-09-04 21:59:11,833 - INFO - - system: 1 sequences, 0.00 GB
127.0.0.1 - - [04/Sep/2026 21:59:11] "POST /v1/chat/completions HTTP/1.1" 200 -
2026-09-04 21:59:11,833 - INFO - Prompt Cache: 10 sequences, 0.01 GB
2026-09-04 21:59:11,833 - INFO - - assistant: 4 sequences, 0.00 GB
2026-09-04 21:59:11,833 - INFO - - user: 5 sequences, 0.00 GB
2026-09-04 21:59:11,833 - INFO - - system: 1 sequences, 0.00 GB
127.0.0.1 - - [04/Sep/2026 21:59:11] "POST /v1/chat/completions HTTP/1.1" 200 -
2026-09-04 21:59:11,837 - INFO - Prompt processing progress: 1/1
2026-09-04 21:59:11,837 - INFO - Prompt processing progress: 1/1
2026-09-04 21:59:11,837 - INFO - Prompt processing progress: 1/1
2026-09-04 21:59:11,837 - INFO - Prompt processing progress: 1/1
2026-09-04 21:59:11,875 - INFO - Prompt Cache: 10 sequences, 0.01 GB
2026-09-04 21:59:11,875 - INFO - - assistant: 4 sequences, 0.00 GB
2026-09-04 21:59:11,875 - INFO - - user: 5 sequences, 0.00 GB
2026-09-04 21:59:11,875 - INFO - - system: 1 sequences, 0.00 GB
127.0.0.1 - - [04/Sep/2026 21:59:11] "POST /v1/chat/completions HTTP/1.1" 200 -
2026-09-04 21:59:11,879 - INFO - Prompt processing progress: 1/1
2026-09-04 21:59:11,898 - INFO - Prompt Cache: 10 sequences, 0.01 GB
2026-09-04 21:59:11,898 - INFO - - assistant: 4 sequences, 0.00 GB
2026-09-04 21:59:11,898 - INFO - - user: 5 sequences, 0.00 GB
2026-09-04 21:59:11,898 - INFO - - system: 1 sequences, 0.00 GB
127.0.0.1 - - [04/Sep/2026 21:59:11] "POST /v1/chat/completions HTTP/1.1" 200 -
2026-09-04 21:59:11,899 - INFO - Prompt Cache: 10 sequences, 0.01 GB
2026-09-04 21:59:11,899 - INFO - - assistant: 4 sequences, 0.00 GB
2026-09-04 21:59:11,899 - INFO - - user: 5 sequences, 0.00 GB
2026-09-04 21:59:11,899 - INFO - - system: 1 sequences, 0.00 GB
127.0.0.1 - - [04/Sep/2026 21:59:11] "POST /v1/chat/completions HTTP/1.1" 200 -
2026-09-04 21:59:11,904 - INFO - Prompt processing progress: 1/1
2026-09-04 21:59:11,905 - INFO - Prompt processing progress: 1/1
2026-09-04 21:59:11,934 - INFO - Prompt Cache: 10 sequences, 0.01 GB
2026-09-04 21:59:11,934 - INFO - - assistant: 4 sequences, 0.00 GB
2026-09-04 21:59:11,934 - INFO - - user: 5 sequences, 0.00 GB
2026-09-04 21:59:11,934 - INFO - - system: 1 sequences, 0.00 GB
127.0.0.1 - - [04/Sep/2026 21:59:11] "POST /v1/chat/completions HTTP/1.1" 200 -
2026-09-04 21:59:11,934 - INFO - Prompt Cache: 10 sequences, 0.01 GB
2026-09-04 21:59:11,934 - INFO - - assistant: 4 sequences, 0.00 GB
2026-09-04 21:59:11,934 - INFO - - user: 5 sequences, 0.00 GB
2026-09-04 21:59:11,934 - INFO - - system: 1 sequences, 0.00 GB
127.0.0.1 - - [04/Sep/2026 21:59:11] "POST /v1/chat/completions HTTP/1.1" 200 -
2026-09-04 21:59:11,935 - INFO - Prompt Cache: 10 sequences, 0.01 GB
2026-09-04 21:59:11,935 - INFO - - assistant: 4 sequences, 0.00 GB
2026-09-04 21:59:11,935 - INFO - - user: 5 sequences, 0.00 GB
2026-09-04 21:59:11,935 - INFO - - system: 1 sequences, 0.00 GB
127.0.0.1 - - [04/Sep/2026 21:59:11] "POST /v1/chat/completions HTTP/1.1" 200 -
2026-09-04 21:59:11,935 - INFO - Prompt Cache: 10 sequences, 0.01 GB
2026-09-04 21:59:11,935 - INFO - - assistant: 4 sequences, 0.00 GB
2026-09-04 21:59:11,935 - INFO - - user: 5 sequences, 0.00 GB
2026-09-04 21:59:11,936 - INFO - - system: 1 sequences, 0.00 GB
127.0.0.1 - - [04/Sep/2026 21:59:11] "POST /v1/chat/completions HTTP/1.1" 200 -
2026-09-04 21:59:11,936 - INFO - Prompt Cache: 10 sequences, 0.01 GB
2026-09-04 21:59:11,936 - INFO - - assistant: 4 sequences, 0.00 GB
2026-09-04 21:59:11,936 - INFO - - user: 5 sequences, 0.00 GB
2026-09-04 21:59:11,936 - INFO - - system: 1 sequences, 0.00 GB
127.0.0.1 - - [04/Sep/2026 21:59:11] "POST /v1/chat/completions HTTP/1.1" 200 -
2026-09-04 21:59:11,940 - INFO - Prompt processing progress: 1/1
2026-09-04 21:59:11,940 - INFO - Prompt processing progress: 1/1
2026-09-04 21:59:11,940 - INFO - Prompt processing progress: 1/1
2026-09-04 21:59:11,940 - INFO - Prompt processing progress: 1/1
2026-09-04 21:59:11,970 - INFO - Prompt processing progress: 1/1
2026-09-04 21:59:12,004 - INFO - Prompt Cache: 10 sequences, 0.01 GB
2026-09-04 21:59:12,004 - INFO - - assistant: 4 sequences, 0.00 GB
2026-09-04 21:59:12,005 - INFO - - user: 5 sequences, 0.00 GB
2026-09-04 21:59:12,005 - INFO - - system: 1 sequences, 0.00 GB
127.0.0.1 - - [04/Sep/2026 21:59:12] "POST /v1/chat/completions HTTP/1.1" 200 -
2026-09-04 21:59:12,005 - INFO - Prompt Cache: 10 sequences, 0.01 GB
2026-09-04 21:59:12,005 - INFO - - assistant: 4 sequences, 0.00 GB
2026-09-04 21:59:12,005 - INFO - - user: 5 sequences, 0.00 GB
2026-09-04 21:59:12,005 - INFO - - system: 1 sequences, 0.00 GB
127.0.0.1 - - [04/Sep/2026 21:59:12] "POST /v1/chat/completions HTTP/1.1" 200 -
2026-09-04 21:59:12,006 - INFO - Prompt Cache: 10 sequences, 0.01 GB
2026-09-04 21:59:12,006 - INFO - - assistant: 4 sequences, 0.00 GB
2026-09-04 21:59:12,006 - INFO - - user: 5 sequences, 0.00 GB
2026-09-04 21:59:12,006 - INFO - - system: 1 sequences, 0.00 GB
127.0.0.1 - - [04/Sep/2026 21:59:12] "POST /v1/chat/completions HTTP/1.1" 200 -
2026-09-04 21:59:12,006 - INFO - Prompt Cache: 10 sequences, 0.01 GB
2026-09-04 21:59:12,006 - INFO - - assistant: 4 sequences, 0.00 GB
2026-09-04 21:59:12,006 - INFO - - user: 5 sequences, 0.00 GB
2026-09-04 21:59:12,006 - INFO - - system: 1 sequences, 0.00 GB
127.0.0.1 - - [04/Sep/2026 21:59:12] "POST /v1/chat/completions HTTP/1.1" 200 -
2026-09-04 21:59:12,007 - INFO - Prompt Cache: 10 sequences, 0.01 GB
2026-09-04 21:59:12,007 - INFO - - assistant: 4 sequences, 0.00 GB
2026-09-04 21:59:12,007 - INFO - - user: 5 sequences, 0.00 GB
2026-09-04 21:59:12,007 - INFO - - system: 1 sequences, 0.00 GB
127.0.0.1 - - [04/Sep/2026 21:59:12] "POST /v1/chat/completions HTTP/1.1" 200 -
2026-09-04 21:59:12,007 - INFO - Prompt Cache: 10 sequences, 0.01 GB
2026-09-04 21:59:12,007 - INFO - - assistant: 4 sequences, 0.00 GB
2026-09-04 21:59:12,007 - INFO - - user: 5 sequences, 0.00 GB
2026-09-04 21:59:12,007 - INFO - - system: 1 sequences, 0.00 GB
127.0.0.1 - - [04/Sep/2026 21:59:12] "POST /v1/chat/completions HTTP/1.1" 200 -
2026-09-04 21:59:12,007 - INFO - Prompt Cache: 10 sequences, 0.01 GB
2026-09-04 21:59:12,007 - INFO - - assistant: 4 sequences, 0.00 GB
2026-09-04 21:59:12,007 - INFO - - user: 5 sequences, 0.00 GB
2026-09-04 21:59:12,007 - INFO - - system: 1 sequences, 0.00 GB
127.0.0.1 - - [04/Sep/2026 21:59:12] "POST /v1/chat/completions HTTP/1.1" 200 -
2026-09-04 21:59:12,008 - INFO - Prompt Cache: 10 sequences, 0.01 GB
2026-09-04 21:59:12,008 - INFO - - assistant: 4 sequences, 0.00 GB
2026-09-04 21:59:12,008 - INFO - - user: 5 sequences, 0.00 GB
2026-09-04 21:59:12,008 - INFO - - system: 1 sequences, 0.00 GB
127.0.0.1 - - [04/Sep/2026 21:59:12] "POST /v1/chat/completions HTTP/1.1" 200 -
2026-09-04 21:59:12,011 - INFO - Prompt processing progress: 1/1
2026-09-04 21:59:12,011 - INFO - Prompt processing progress: 1/1
2026-09-04 21:59:12,011 - INFO - Prompt processing progress: 1/1
2026-09-04 21:59:12,011 - INFO - Prompt processing progress: 1/1
2026-09-04 21:59:12,040 - INFO - Prompt processing progress: 1/1
2026-09-04 21:59:12,063 - INFO - Prompt processing progress: 1/1
2026-09-04 21:59:12,063 - INFO - Prompt processing progress: 1/1
2026-09-04 21:59:12,063 - INFO - Prompt processing progress: 1/1
2026-09-04 21:59:12,106 - INFO - Prompt Cache: 10 sequences, 0.01 GB
2026-09-04 21:59:12,106 - INFO - - assistant: 4 sequences, 0.00 GB
2026-09-04 21:59:12,106 - INFO - - user: 5 sequences, 0.00 GB
2026-09-04 21:59:12,106 - INFO - - system: 1 sequences, 0.00 GB
127.0.0.1 - - [04/Sep/2026 21:59:12] "POST /v1/chat/completions HTTP/1.1" 200 -
2026-09-04 21:59:12,107 - INFO - Prompt Cache: 10 sequences, 0.01 GB
2026-09-04 21:59:12,107 - INFO - - assistant: 4 sequences, 0.00 GB
2026-09-04 21:59:12,107 - INFO - - user: 5 sequences, 0.00 GB
2026-09-04 21:59:12,107 - INFO - - system: 1 sequences, 0.00 GB
127.0.0.1 - - [04/Sep/2026 21:59:12] "POST /v1/chat/completions HTTP/1.1" 200 -
2026-09-04 21:59:12,107 - INFO - Prompt Cache: 10 sequences, 0.01 GB
2026-09-04 21:59:12,107 - INFO - - assistant: 4 sequences, 0.00 GB
2026-09-04 21:59:12,107 - INFO - - user: 5 sequences, 0.00 GB
2026-09-04 21:59:12,107 - INFO - - system: 1 sequences, 0.00 GB
127.0.0.1 - - [04/Sep/2026 21:59:12] "POST /v1/chat/completions HTTP/1.1" 200 -
2026-09-04 21:59:12,108 - INFO - Prompt Cache: 10 sequences, 0.01 GB
2026-09-04 21:59:12,108 - INFO - - assistant: 4 sequences, 0.00 GB
2026-09-04 21:59:12,108 - INFO - - user: 5 sequences, 0.00 GB
2026-09-04 21:59:12,108 - INFO - - system: 1 sequences, 0.00 GB
127.0.0.1 - - [04/Sep/2026 21:59:12] "POST /v1/chat/completions HTTP/1.1" 200 -
2026-09-04 21:59:12,108 - INFO - Prompt Cache: 10 sequences, 0.01 GB
2026-09-04 21:59:12,108 - INFO - - assistant: 4 sequences, 0.00 GB
2026-09-04 21:59:12,108 - INFO - - user: 5 sequences, 0.00 GB
2026-09-04 21:59:12,108 - INFO - - system: 1 sequences, 0.00 GB
127.0.0.1 - - [04/Sep/2026 21:59:12] "POST /v1/chat/completions HTTP/1.1" 200 -
2026-09-04 21:59:12,109 - INFO - Prompt Cache: 10 sequences, 0.01 GB
2026-09-04 21:59:12,109 - INFO - - assistant: 4 sequences, 0.00 GB
2026-09-04 21:59:12,109 - INFO - - user: 5 sequences, 0.00 GB
2026-09-04 21:59:12,109 - INFO - - system: 1 sequences, 0.00 GB
127.0.0.1 - - [04/Sep/2026 21:59:12] "POST /v1/chat/completions HTTP/1.1" 200 -
2026-09-04 21:59:12,109 - INFO - Prompt Cache: 10 sequences, 0.01 GB
2026-09-04 21:59:12,109 - INFO - - assistant: 4 sequences, 0.00 GB
2026-09-04 21:59:12,109 - INFO - - user: 5 sequences, 0.00 GB
2026-09-04 21:59:12,109 - INFO - - system: 1 sequences, 0.00 GB
127.0.0.1 - - [04/Sep/2026 21:59:12] "POST /v1/chat/completions HTTP/1.1" 200 -
2026-09-04 21:59:12,109 - INFO - Prompt Cache: 10 sequences, 0.01 GB
2026-09-04 21:59:12,109 - INFO - - assistant: 4 sequences, 0.00 GB
2026-09-04 21:59:12,109 - INFO - - user: 5 sequences, 0.00 GB
2026-09-04 21:59:12,109 - INFO - - system: 1 sequences, 0.00 GB
127.0.0.1 - - [04/Sep/2026 21:59:12] "POST /v1/chat/completions HTTP/1.1" 200 -
2026-09-04 21:59:12,112 - INFO - Prompt processing progress: 1/1
2026-09-04 21:59:12,113 - INFO - Prompt processing progress: 1/1
2026-09-04 21:59:12,113 - INFO - Prompt processing progress: 1/1
2026-09-04 21:59:12,113 - INFO - Prompt processing progress: 1/1
2026-09-04 21:59:12,140 - INFO - Prompt processing progress: 1/1
2026-09-04 21:59:12,168 - INFO - Prompt processing progress: 1/1
2026-09-04 21:59:12,168 - INFO - Prompt processing progress: 1/1
2026-09-04 21:59:12,168 - INFO - Prompt processing progress: 1/1
2026-09-04 21:59:12,213 - INFO - Prompt Cache: 10 sequences, 0.01 GB
2026-09-04 21:59:12,213 - INFO - - assistant: 4 sequences, 0.00 GB
2026-09-04 21:59:12,213 - INFO - - user: 5 sequences, 0.00 GB
2026-09-04 21:59:12,213 - INFO - - system: 1 sequences, 0.00 GB
127.0.0.1 - - [04/Sep/2026 21:59:12] "POST /v1/chat/completions HTTP/1.1" 200 -
2026-09-04 21:59:12,214 - INFO - Prompt Cache: 10 sequences, 0.01 GB
2026-09-04 21:59:12,214 - INFO - - assistant: 4 sequences, 0.00 GB
2026-09-04 21:59:12,214 - INFO - - user: 5 sequences, 0.00 GB
2026-09-04 21:59:12,214 - INFO - - system: 1 sequences, 0.00 GB
127.0.0.1 - - [04/Sep/2026 21:59:12] "POST /v1/chat/completions HTTP/1.1" 200 -
2026-09-04 21:59:12,214 - INFO - Prompt Cache: 10 sequences, 0.01 GB
2026-09-04 21:59:12,214 - INFO - - assistant: 4 sequences, 0.00 GB
2026-09-04 21:59:12,214 - INFO - - user: 5 sequences, 0.00 GB
2026-09-04 21:59:12,214 - INFO - - system: 1 sequences, 0.00 GB
127.0.0.1 - - [04/Sep/2026 21:59:12] "POST /v1/chat/completions HTTP/1.1" 200 -
2026-09-04 21:59:12,215 - INFO - Prompt Cache: 10 sequences, 0.01 GB
2026-09-04 21:59:12,215 - INFO - - assistant: 4 sequences, 0.00 GB
2026-09-04 21:59:12,215 - INFO - - user: 5 sequences, 0.00 GB
2026-09-04 21:59:12,215 - INFO - - system: 1 sequences, 0.00 GB
127.0.0.1 - - [04/Sep/2026 21:59:12] "POST /v1/chat/completions HTTP/1.1" 200 -
2026-09-04 21:59:12,220 - INFO - Prompt processing progress: 1/1
2026-09-04 21:59:12,220 - INFO - Prompt processing progress: 1/1
2026-09-04 21:59:12,220 - INFO - Prompt processing progress: 1/1
2026-09-04 21:59:12,220 - INFO - Prompt processing progress: 1/1
